============================= test session starts =============================
platform win32 -- Python 3.12.14, pytest-9.1.1, pluggy-1.6.0 -- C:\Users\sk408\Documents\mas1004-assignment1\.venv\Scripts\python.exe
cachedir: .pytest_cache
rootdir: C:\Users\sk408\Documents\mas1004-assignment1
configfile: pytest.ini
collecting ... collected 16 items

tests/test_data.py::test_prepare_shape_and_type PASSED                   [  6%]
tests/test_data.py::test_prepare_matches_how_resnet18_was_trained PASSED [ 12%]
tests/test_data.py::test_prepare_normalises_each_channel PASSED          [ 18%]
tests/test_data.py::test_prepare_keeps_red_green_blue_in_that_order PASSED [ 25%]
tests/test_data.py::test_prepare_cuts_out_the_middle PASSED              [ 31%]
tests/test_data.py::test_prepare_accepts_grayscale_and_transparent_images PASSED [ 37%]
tests/test_data.py::test_shapes_and_types PASSED                         [ 43%]
tests/test_data.py::test_rows_are_prepared_images PASSED                 [ 50%]
tests/test_data.py::test_class_names_are_sorted PASSED                   [ 56%]
tests/test_data.py::test_labels_match_the_folder_each_image_came_from PASSED [ 62%]
tests/test_data.py::test_broken_and_non_image_files_are_skipped PASSED   [ 68%]
tests/test_data.py::test_same_result_every_time PASSED                   [ 75%]
tests/test_data.py::test_split_keeps_everything FAILED                   [ 81%]
tests/test_data.py::test_split_has_no_image_on_both_sides FAILED         [ 87%]
tests/test_data.py::test_every_class_appears_on_both_sides FAILED        [ 93%]
tests/test_data.py::test_split_is_repeatable FAILED                      [100%]

================================== FAILURES ===================================
_________________________ test_split_keeps_everything _________________________

image_folder = WindowsPath('C:/Users/sk408/AppData/Local/Temp/pytest-of-sk408/pytest-31/test_split_keeps_everything0/images')

    def test_split_keeps_everything(image_folder):
        X, y, _, paths = load_folder(image_folder)
>       Xtr, ytr, ptr, Xte, yte, pte = split_train_test(X, y, paths, test_ratio=0.25, seed=0)
                                       ^^^^^^^^^^^^^^^^^^^^^^^^^^^^^^^^^^^^^^^^^^^^^^^^^^^^^^

tests\test_data.py:172: 
_ _ _ _ _ _ _ _ _ _ _ _ _ _ _ _ _ _ _ _ _ _ _ _ _ _ _ _ _ _ _ _ _ _ _ _ _ _ _ _

X = array([[[[ 1.7522904,  1.7351656,  1.7180408, ...,  1.5810429,
           1.5639181,  1.5467933],
         [ 1.7694151...74076,  2.0125492, ...,  1.8905448,
           1.8731157,  1.8731157]]]],
      shape=(24, 3, 224, 224), dtype=float32)
y = array([0, 0, 0, 0, 0, 0, 0, 0, 1, 1, 1, 1, 1, 1, 1, 1, 2, 2, 2, 2, 2, 2,
       2, 2])
paths = [WindowsPath('C:/Users/sk408/AppData/Local/Temp/pytest-of-sk408/pytest-31/test_split_keeps_everything0/images/alpha/00...('C:/Users/sk408/AppData/Local/Temp/pytest-of-sk408/pytest-31/test_split_keeps_everything0/images/alpha/007.jpg'), ...]
test_ratio = 0.25, seed = 0

    def split_train_test(X, y, paths, test_ratio=0.2, seed=0):
        """Split the rows into a training part and a test part.
    
        Arguments
            X, y, paths  exactly what load_folder returned
            test_ratio   float between 0 and 1, the share that goes to the test side
            seed         int, so that you get the same split every time you run
    
        Returns (X_train, y_train, paths_train, X_test, y_test, paths_test)
    
        Two rules the tests check
            No image may appear on both sides. Every path belongs to exactly one.
            Every class must appear on both sides. If you shuffle badly you can end
            up with a class that has no test images at all, and then your accuracy
            number means nothing.
        """
>       from sklearn.model_selection import train_test_split as tts
E       ModuleNotFoundError: No module named 'sklearn'

src\data.py:161: ModuleNotFoundError
____________________ test_split_has_no_image_on_both_sides ____________________

image_folder = WindowsPath('C:/Users/sk408/AppData/Local/Temp/pytest-of-sk408/pytest-31/test_split_has_no_image_on_bot0/images')

    def test_split_has_no_image_on_both_sides(image_folder):
        X, y, _, paths = load_folder(image_folder)
>       _, _, ptr, _, _, pte = split_train_test(X, y, paths, test_ratio=0.25, seed=0)
                               ^^^^^^^^^^^^^^^^^^^^^^^^^^^^^^^^^^^^^^^^^^^^^^^^^^^^^^

tests\test_data.py:181: 
_ _ _ _ _ _ _ _ _ _ _ _ _ _ _ _ _ _ _ _ _ _ _ _ _ _ _ _ _ _ _ _ _ _ _ _ _ _ _ _

X = array([[[[ 1.7522904,  1.7351656,  1.7180408, ...,  1.5810429,
           1.5639181,  1.5467933],
         [ 1.7694151...74076,  2.0125492, ...,  1.8905448,
           1.8731157,  1.8731157]]]],
      shape=(24, 3, 224, 224), dtype=float32)
y = array([0, 0, 0, 0, 0, 0, 0, 0, 1, 1, 1, 1, 1, 1, 1, 1, 2, 2, 2, 2, 2, 2,
       2, 2])
paths = [WindowsPath('C:/Users/sk408/AppData/Local/Temp/pytest-of-sk408/pytest-31/test_split_has_no_image_on_bot0/images/alpha...:/Users/sk408/AppData/Local/Temp/pytest-of-sk408/pytest-31/test_split_has_no_image_on_bot0/images/alpha/007.jpg'), ...]
test_ratio = 0.25, seed = 0

    def split_train_test(X, y, paths, test_ratio=0.2, seed=0):
        """Split the rows into a training part and a test part.
    
        Arguments
            X, y, paths  exactly what load_folder returned
            test_ratio   float between 0 and 1, the share that goes to the test side
            seed         int, so that you get the same split every time you run
    
        Returns (X_train, y_train, paths_train, X_test, y_test, paths_test)
    
        Two rules the tests check
            No image may appear on both sides. Every path belongs to exactly one.
            Every class must appear on both sides. If you shuffle badly you can end
            up with a class that has no test images at all, and then your accuracy
            number means nothing.
        """
>       from sklearn.model_selection import train_test_split as tts
E       ModuleNotFoundError: No module named 'sklearn'

src\data.py:161: ModuleNotFoundError
___________________ test_every_class_appears_on_both_sides ____________________

image_folder = WindowsPath('C:/Users/sk408/AppData/Local/Temp/pytest-of-sk408/pytest-31/test_every_class_appears_on_bo0/images')

    def test_every_class_appears_on_both_sides(image_folder):
        X, y, _, paths = load_folder(image_folder)
>       _, ytr, _, _, yte, _ = split_train_test(X, y, paths, test_ratio=0.25, seed=0)
                               ^^^^^^^^^^^^^^^^^^^^^^^^^^^^^^^^^^^^^^^^^^^^^^^^^^^^^^

tests\test_data.py:192: 
_ _ _ _ _ _ _ _ _ _ _ _ _ _ _ _ _ _ _ _ _ _ _ _ _ _ _ _ _ _ _ _ _ _ _ _ _ _ _ _

X = array([[[[ 1.7522904,  1.7351656,  1.7180408, ...,  1.5810429,
           1.5639181,  1.5467933],
         [ 1.7694151...74076,  2.0125492, ...,  1.8905448,
           1.8731157,  1.8731157]]]],
      shape=(24, 3, 224, 224), dtype=float32)
y = array([0, 0, 0, 0, 0, 0, 0, 0, 1, 1, 1, 1, 1, 1, 1, 1, 2, 2, 2, 2, 2, 2,
       2, 2])
paths = [WindowsPath('C:/Users/sk408/AppData/Local/Temp/pytest-of-sk408/pytest-31/test_every_class_appears_on_bo0/images/alpha...:/Users/sk408/AppData/Local/Temp/pytest-of-sk408/pytest-31/test_every_class_appears_on_bo0/images/alpha/007.jpg'), ...]
test_ratio = 0.25, seed = 0

    def split_train_test(X, y, paths, test_ratio=0.2, seed=0):
        """Split the rows into a training part and a test part.
    
        Arguments
            X, y, paths  exactly what load_folder returned
            test_ratio   float between 0 and 1, the share that goes to the test side
            seed         int, so that you get the same split every time you run
    
        Returns (X_train, y_train, paths_train, X_test, y_test, paths_test)
    
        Two rules the tests check
            No image may appear on both sides. Every path belongs to exactly one.
            Every class must appear on both sides. If you shuffle badly you can end
            up with a class that has no test images at all, and then your accuracy
            number means nothing.
        """
>       from sklearn.model_selection import train_test_split as tts
E       ModuleNotFoundError: No module named 'sklearn'

src\data.py:161: ModuleNotFoundError
__________________________ test_split_is_repeatable ___________________________

image_folder = WindowsPath('C:/Users/sk408/AppData/Local/Temp/pytest-of-sk408/pytest-31/test_split_is_repeatable0/images')

    def test_split_is_repeatable(image_folder):
        X, y, _, paths = load_folder(image_folder)
>       first = split_train_test(X, y, paths, test_ratio=0.25, seed=7)
                ^^^^^^^^^^^^^^^^^^^^^^^^^^^^^^^^^^^^^^^^^^^^^^^^^^^^^^

tests\test_data.py:202: 
_ _ _ _ _ _ _ _ _ _ _ _ _ _ _ _ _ _ _ _ _ _ _ _ _ _ _ _ _ _ _ _ _ _ _ _ _ _ _ _

X = array([[[[ 1.7522904,  1.7351656,  1.7180408, ...,  1.5810429,
           1.5639181,  1.5467933],
         [ 1.7694151...74076,  2.0125492, ...,  1.8905448,
           1.8731157,  1.8731157]]]],
      shape=(24, 3, 224, 224), dtype=float32)
y = array([0, 0, 0, 0, 0, 0, 0, 0, 1, 1, 1, 1, 1, 1, 1, 1, 2, 2, 2, 2, 2, 2,
       2, 2])
paths = [WindowsPath('C:/Users/sk408/AppData/Local/Temp/pytest-of-sk408/pytest-31/test_split_is_repeatable0/images/alpha/002.j...ath('C:/Users/sk408/AppData/Local/Temp/pytest-of-sk408/pytest-31/test_split_is_repeatable0/images/alpha/007.jpg'), ...]
test_ratio = 0.25, seed = 7

    def split_train_test(X, y, paths, test_ratio=0.2, seed=0):
        """Split the rows into a training part and a test part.
    
        Arguments
            X, y, paths  exactly what load_folder returned
            test_ratio   float between 0 and 1, the share that goes to the test side
            seed         int, so that you get the same split every time you run
    
        Returns (X_train, y_train, paths_train, X_test, y_test, paths_test)
    
        Two rules the tests check
            No image may appear on both sides. Every path belongs to exactly one.
            Every class must appear on both sides. If you shuffle badly you can end
            up with a class that has no test images at all, and then your accuracy
            number means nothing.
        """
>       from sklearn.model_selection import train_test_split as tts
E       ModuleNotFoundError: No module named 'sklearn'

src\data.py:161: ModuleNotFoundError
=========================== short test summary info ===========================
FAILED tests/test_data.py::test_split_keeps_everything - ModuleNotFoundError:...
FAILED tests/test_data.py::test_split_has_no_image_on_both_sides - ModuleNotF...
FAILED tests/test_data.py::test_every_class_appears_on_both_sides - ModuleNot...
FAILED tests/test_data.py::test_split_is_repeatable - ModuleNotFoundError: No...
======================== 4 failed, 12 passed in 5.21s =========================
